\BOOKMARK [1][-]{section.1}{\376\377\0001\000.\000\040\0002\0000\0002\0003\000.\0001\0002\000.\0002\0002}{}% 1
\BOOKMARK [1][-]{section.2}{\376\377\0002\000.\000\040\0002\0000\0002\0003\000.\0001\0002\000.\0002\0003}{}% 2
\BOOKMARK [1][-]{section.3}{\376\377\0003\000.\000\040\0002\0000\0002\0004\000.\0002\000.\0002\0007}{}% 3
\BOOKMARK [1][-]{section.4}{\376\377\0004\000.\000\040\0002\0000\0002\0004\000.\0002\000.\0002\0008}{}% 4
\BOOKMARK [1][-]{section.5}{\376\377\0005\000.\000\040\0002\0000\0002\0004\000.\0001\0000\000.\0002\0002}{}% 5
\BOOKMARK [1][-]{section.6}{\376\377\0006\000.\000\040\0002\0000\0002\0004\000.\0001\0001\000.\0002\0008}{}% 6
\BOOKMARK [1][-]{section.7}{\376\377\0007\000.\000\040\0002\0000\0002\0004\000.\0001\0002\000.\0001\0007}{}% 7
\BOOKMARK [1][-]{section.8}{\376\377\0008\000.\000\040\0002\0000\0002\0005\000.\0008\000.\0001\0004}{}% 8
\BOOKMARK [1][-]{section.9}{\376\377\0009\000.\000\040\0002\0000\0002\0005\000.\0001\0000\000.\0001}{}% 9
\BOOKMARK [1][-]{section.10}{\376\377\0001\0000\000.\000\040\0002\0000\0002\0005\000.\0001\0000\000.\0002}{}% 10
\BOOKMARK [1][-]{section.11}{\376\377\0001\0001\000.\000\040\0002\0000\0002\0005\000.\0001\0000\000.\0005}{}% 11
\BOOKMARK [1][-]{section.12}{\376\377\0001\0002\000.\000\040\0002\0000\0002\0005\000.\0001\0000\000.\0009}{}% 12
\BOOKMARK [1][-]{section.13}{\376\377\0001\0003\000.\000\040\0002\0000\0002\0005\000.\0001\0000\000.\0001\0003}{}% 13
\BOOKMARK [1][-]{section.14}{\376\377\0001\0004\000.\000\040\0002\0000\0002\0005\000.\0001\0000\000.\0001\0004}{}% 14
\BOOKMARK [1][-]{section.15}{\376\377\0001\0005\000.\000\040\0002\0000\0002\0005\000.\0001\0000\000.\0001\0006}{}% 15
\BOOKMARK [1][-]{section.16}{\376\377\0001\0006\000.\000\040\0002\0000\0002\0005\000.\0001\0000\000.\0001\0009}{}% 16
\BOOKMARK [1][-]{section.17}{\376\377\0001\0007\000.\000\040\0002\0000\0002\0005\000.\0001\0000\000.\0002\0001}{}% 17
\BOOKMARK [1][-]{section.18}{\376\377\0001\0008\000.\000\040\0002\0000\0002\0005\000.\0001\0000\000.\0002\0003}{}% 18
\BOOKMARK [1][-]{section.19}{\376\377\0001\0009\000.\000\040\0002\0000\0002\0005\000.\0001\0000\000.\0002\0009}{}% 19
\BOOKMARK [1][-]{section.20}{\376\377\0002\0000\000.\000\040\0002\0000\0002\0005\000.\0001\0001\000.\0004}{}% 20
\BOOKMARK [1][-]{section.21}{\376\377\0002\0001\000.\000\040\0002\0000\0002\0005\000.\0001\0001\000.\0001\0009}{}% 21
\BOOKMARK [1][-]{section.22}{\376\377\0002\0002\000.\000\040\0002\0000\0002\0005\000.\0001\0001\000.\0002\0001}{}% 22
\BOOKMARK [1][-]{section.23}{\376\377\0002\0003\000.\000\040\0002\0000\0002\0005\000.\0001\0001\000.\0002\0004}{}% 23
\BOOKMARK [1][-]{section.24}{\376\377\0002\0004\000.\000\040\0002\0000\0002\0006\000.\0003\000.\0003}{}% 24
\BOOKMARK [1][-]{section.25}{\376\377\0002\0005\000.\000\040\0002\0000\0002\0006\000.\0003\000.\0002\0001}{}% 25
\BOOKMARK [1][-]{section.26}{\376\377\0002\0006\000.\000\040\0002\0000\0002\0006\000.\0003\000.\0002\0002}{}% 26
\BOOKMARK [1][-]{section.27}{\376\377\0002\0007\000.\000\040\0002\0000\0002\0006\000.\0003\000.\0003\0001}{}% 27
\BOOKMARK [1][-]{section.28}{\376\377\0002\0008\000.\000\040\0002\0000\0002\0006\000.\0004\000.\0005}{}% 28
\BOOKMARK [1][-]{section*.2}{\376\377\000R\000e\000f\000e\000r\000e\000n\000c\000e\000s}{}% 29
